
> frontend@0.1.0 build
> next build

 ⚠ `eslint` configuration in next.config.mjs is no longer supported. See more info here: https://nextjs.org/docs/app/api-reference/cli/next#next-lint-options
 ⚠ Invalid next.config.mjs options detected: 
 ⚠     Unrecognized key(s) in object: 'eslint'
 ⚠ See more info here: https://nextjs.org/docs/messages/invalid-next-config
   ▲ Next.js 16.0.7 (Turbopack)
   - Environments: .env.local
   - Experiments (use with caution):
     · serverActions

   Creating an optimized production build ...

> Build error occurred
Error: Turbopack build failed with 1 errors:
./frontend/app/layout.tsx:4:17
Ecmascript file had an error
[0m [90m 2 |[39m [36mimport[39m { [33mGeist[39m[33m,[39m [33mGeist_Mono[39m } [36mfrom[39m [32m"next/font/google"[39m[33m;[39m
 [90m 3 |[39m [36mimport[39m [32m"./globals.css"[39m[33m;[39m
[31m[1m>[22m[39m[90m 4 |[39m [36mimport[39m [33mReact[39m[33m,[39m { useEffect } [36mfrom[39m [32m'react'[39m[33m;[39m
 [90m   |[39m                 [31m[1m^[22m[39m[31m[1m^[22m[39m[31m[1m^[22m[39m[31m[1m^[22m[39m[31m[1m^[22m[39m[31m[1m^[22m[39m[31m[1m^[22m[39m[31m[1m^[22m[39m[31m[1m^[22m[39m
 [90m 5 |[39m [36mimport[39m { [33mToaster[39m } [36mfrom[39m [32m"@/components/ui/sonner"[39m[33m;[39m
 [90m 6 |[39m
 [90m 7 |[39m [36mexport[39m [36mconst[39m metadata[33m:[39m [33mMetadata[39m [33m=[39m {[0m

You're importing a component that needs `useEffect`. This React Hook only works in a Client Component. To fix, mark the file (or its parent) with the `"use client"` directive.

 Learn more: https://nextjs.org/docs/app/api-reference/directives/use-client




    at <unknown> (./frontend/app/layout.tsx:4:17)
npm error Lifecycle script `build` failed with error:
npm error code 1
npm error path D:\Desktop\Pro Test\frontend
npm error workspace frontend@0.1.0
npm error location D:\Desktop\Pro Test\frontend
npm error command failed
npm error command C:\WINDOWS\system32\cmd.exe /d /s /c next build
